pwd - to check where are we
mkdir <directory name> - mkdir Projects
$ git config --global user.name "Sneha"
$ git config --global user.email "sneha.941123@gmail.com"
$ git config --global --list

Cloning - get a repository in GIT to the local system.
git clone https://github.com/Sneha1123/github-demo.git
ls - to check the contents present in the diretory.
cd github-demo
ls
git status -  to check the branch or status

Three areas of GIT
  1. Working directory
  2. Staging directory
  3. Local Git repository
   then Remote git in browser
   
   1 --> 2 add file
   2 --> 3 commit file
   3 --> remote -->push file
   
echo "Test Git start demo" >> start.txt
ls
cat start.txt --> to get the contents of the file
git status  --> On branch master
    Your branch is up to date with 'origin/master'.

    Untracked files:
      (use "git add <file>..." to include in what will be committed)
            start.txt

    nothing added to commit but untracked files present (use "git add" to track)
    
git add start.txt
git status -->
    On branch master
    Your branch is up to date with 'origin/master'.

    Changes to be committed:
      (use "git restore --staged <file>..." to unstage)
            new file:   start.txt

$ git commit -m "Adding Start text file"
    [master 5e8b6e6] Adding Start text file
     1 file changed, 1 insertion(+)
     create mode 100644 start.txt
     
git status
    On branch master
    Your branch is ahead of 'origin/master' by 1 commit.
      (use "git push" to publish your local commits)

    nothing to commit, working tree clean
    
    
git push origin master
    Enumerating objects: 4, done.
    Counting objects: 100% (4/4), done.
    Delta compression using up to 4 threads
    Compressing objects: 100% (2/2), done.
    Writing objects: 100% (3/3), 304 bytes | 304.00 KiB/s, done.
    Total 3 (delta 0), reused 0 (delta 0), pack-reused 0
    To https://github.com/Sneha1123/github-demo.git
       c33fd23..5e8b6e6  master -> master


cd ..
$ git init Fresh-project --> creates a new project
    Initialized empty Git repository in D:/Projects/Fresh-project/.git/
$ ls
    Fresh-project/  github-demo/

$ cd Fresh-project
$ ls --> gives normal files
$ ls -al  --> gives dot files
    total 4
    drwxr-xr-x 1 Sneha 197121 0 Apr 27 23:43 ./
    drwxr-xr-x 1 Sneha 197121 0 Apr 27 23:43 ../
    drwxr-xr-x 1 Sneha 197121 0 Apr 27 23:43 .git/

$ cd .git/
$ ls
    config  description  HEAD  hooks/  info/  objects/  refs/
$ cd ..
$ git status
    On branch master

    No commits yet

    nothing to commit (create/copy files and use "git add" to track)
    
$ notepad hipster.txt
$ git status
    On branch master

    No commits yet

    Untracked files:
      (use "git add <file>..." to include in what will be committed)
            hipster.txt


$ git add hipster.txt
$ git status
    On branch master

    No commits yet

    Changes to be committed:
      (use "git rm --cached <file>..." to unstage)
            new file:   hipster.txt


$ git commit --> open default editor t write the message
$ rm -rf Fresh-project --> deletes the local git repo


-----------------------------------------------------Add GIT to an existing project----------------------------------------------------
$ pwd
    /d/Projects

$ unzip ~/Downloads/initializr-verekia-4.0.zip
$ ls
    github-demo/  initializr/

$ mv initializr web-project --> rename folder 
$ ls
    github-demo/  web-project/
$ cd web-project
$ ls
    404.html              crossdomain.xml  fonts/      index.html  tile.png
    apple-touch-icon.png  css/             humans.txt  js/         tile-wide.png
    browserconfig.xml     favicon.ico      img/        robots.txt

$ git init --> adding git
    Initialized empty Git repository in D:/Projects/web-project/.git/

$ ls -al
    total 84
    drwxr-xr-x 1 Sneha 197121     0 Apr 28 00:10 ./
    drwxr-xr-x 1 Sneha 197121     0 Apr 28 00:09 ../
    drwxr-xr-x 1 Sneha 197121     0 Apr 28 00:10 .git/
    -rw-r--r-- 1 Sneha 197121 39014 Apr 27 18:37 .htaccess
    -rw-r--r-- 1 Sneha 197121  1272 Apr 27 18:37 404.html
    -rw-r--r-- 1 Sneha 197121  3959 Apr 27 18:37 apple-touch-icon.png
    -rw-r--r-- 1 Sneha 197121   416 Apr 27 18:37 browserconfig.xml
    -rw-r--r-- 1 Sneha 197121   603 Apr 27 18:37 crossdomain.xml
    drwxr-xr-x 1 Sneha 197121     0 Apr 28 00:08 css/
    -rw-r--r-- 1 Sneha 197121   766 Apr 27 18:37 favicon.ico
    drwxr-xr-x 1 Sneha 197121     0 Apr 28 00:08 fonts/
    -rw-r--r-- 1 Sneha 197121   191 Apr 27 18:37 humans.txt
    drwxr-xr-x 1 Sneha 197121     0 Apr 27 18:37 img/
    -rw-r--r-- 1 Sneha 197121  5329 Apr 27 18:37 index.html
    drwxr-xr-x 1 Sneha 197121     0 Apr 28 00:08 js/
    -rw-r--r-- 1 Sneha 197121    78 Apr 27 18:37 robots.txt
    -rw-r--r-- 1 Sneha 197121  3482 Apr 27 18:37 tile.png
    -rw-r--r-- 1 Sneha 197121  1854 Apr 27 18:37 tile-wide.png


$ git status
    On branch master

    No commits yet

    Untracked files:
      (use "git add <file>..." to include in what will be committed)
            .htaccess
            404.html
            apple-touch-icon.png
            browserconfig.xml
            crossdomain.xml
            css/
            favicon.ico
            fonts/
            humans.txt
            index.html
            js/
            robots.txt
            tile-wide.png
            tile.png

    nothing added to commit but untracked files present (use "git add" to track)


$ git add .  --> . gets the all the files recursively and gives more number of files

$ git status
    On branch master

    No commits yet

    Changes to be committed:
      (use "git rm --cached <file>..." to unstage)
            new file:   .htaccess
            new file:   404.html
            new file:   apple-touch-icon.png
            new file:   browserconfig.xml
            new file:   crossdomain.xml
            new file:   css/bootstrap-theme.css
            new file:   css/bootstrap-theme.css.map
            new file:   css/bootstrap-theme.min.css
            new file:   css/bootstrap.css
            new file:   css/bootstrap.css.map
            new file:   css/bootstrap.min.css
            new file:   css/main.css
            new file:   favicon.ico
            new file:   fonts/glyphicons-halflings-regular.eot
            new file:   fonts/glyphicons-halflings-regular.svg
            new file:   fonts/glyphicons-halflings-regular.ttf
            new file:   fonts/glyphicons-halflings-regular.woff
            new file:   humans.txt
            new file:   index.html
            new file:   js/main.js
            new file:   js/plugins.js
            new file:   js/vendor/bootstrap.js
            new file:   js/vendor/bootstrap.min.js
            new file:   js/vendor/jquery-1.11.2.min.js
            new file:   js/vendor/modernizr-2.8.3-respond-1.4.2.min.js
            new file:   js/vendor/npm.js
            new file:   robots.txt
            new file:   tile-wide.png
            new file:   tile.png



$ git commit -m "My first commit, inline"
$ rm -rf .git  --> to remove git 
$ rm -rf web-project --> to remove entire project from working directory


